ARM GAS  C:\TEMP\ccvQbPaa.s 			page 1


   1              		.cpu cortex-m4
   2              		.arch armv7e-m
   3              		.fpu fpv4-sp-d16
   4              		.eabi_attribute 27, 1
   5              		.eabi_attribute 28, 1
   6              		.eabi_attribute 20, 1
   7              		.eabi_attribute 21, 1
   8              		.eabi_attribute 23, 3
   9              		.eabi_attribute 24, 1
  10              		.eabi_attribute 25, 1
  11              		.eabi_attribute 26, 1
  12              		.eabi_attribute 30, 1
  13              		.eabi_attribute 34, 1
  14              		.eabi_attribute 18, 4
  15              		.file	"init.c"
  16              		.text
  17              	.Ltext0:
  18              		.cfi_sections	.debug_frame
  19              		.file 1 "Core/Src/init.c"
  20              		.section	.text.GPIO_Init_Memory,"ax",%progbits
  21              		.align	1
  22              		.global	GPIO_Init_Memory
  23              		.syntax unified
  24              		.thumb
  25              		.thumb_func
  27              	GPIO_Init_Memory:
  28              	.LFB130:
   1:Core/Src/init.c **** #include "init.h"
   2:Core/Src/init.c **** 
   3:Core/Src/init.c **** // --- PB7 (синий встроенный светодиод, прямое обращение) --
   4:Core/Src/init.c **** void GPIO_Init_Memory(void)
   5:Core/Src/init.c **** {
  29              		.loc 1 5 1 view -0
  30              		.cfi_startproc
  31              		@ args = 0, pretend = 0, frame = 0
  32              		@ frame_needed = 0, uses_anonymous_args = 0
  33              		@ link register save eliminated.
   6:Core/Src/init.c ****     // Включение тактирования порта GPIOB (синий светодиод 
   7:Core/Src/init.c ****     *(uint32_t *)(0x40023800UL + 0x30UL) |= 0x02UL;
  34              		.loc 1 7 5 view .LVU1
  35 0000 104A     		ldr	r2, .L2
  36 0002 D2F83038 		ldr	r3, [r2, #2096]
  37              		.loc 1 7 42 is_stmt 0 view .LVU2
  38 0006 43F00203 		orr	r3, r3, #2
  39 000a C2F83038 		str	r3, [r2, #2096]
   8:Core/Src/init.c ****     
   9:Core/Src/init.c ****     // Настройка пина PB7 на выход
  10:Core/Src/init.c ****     *(uint32_t *)(0x40020400UL + 0x00UL) |= 0x4000UL; // MODER: PB7 output
  40              		.loc 1 10 5 is_stmt 1 view .LVU3
  41 000e 0E4B     		ldr	r3, .L2+4
  42 0010 D3F80024 		ldr	r2, [r3, #1024]
  43              		.loc 1 10 42 is_stmt 0 view .LVU4
  44 0014 42F48042 		orr	r2, r2, #16384
  45 0018 C3F80024 		str	r2, [r3, #1024]
  11:Core/Src/init.c ****     
  12:Core/Src/init.c ****     // Средняя скорость
  13:Core/Src/init.c ****     *(uint32_t *)(0x40020400UL + 0x08UL) |= 0x4000UL; // OSPEEDR: medium speed
ARM GAS  C:\TEMP\ccvQbPaa.s 			page 2


  46              		.loc 1 13 5 is_stmt 1 view .LVU5
  47 001c D3F80824 		ldr	r2, [r3, #1032]
  48              		.loc 1 13 42 is_stmt 0 view .LVU6
  49 0020 42F48042 		orr	r2, r2, #16384
  50 0024 C3F80824 		str	r2, [r3, #1032]
  14:Core/Src/init.c ****     
  15:Core/Src/init.c ****     // Без подтяжки
  16:Core/Src/init.c ****     *(uint32_t *)(0x40020400UL + 0x0CUL) &= ~0xC000UL; // PUPDR: no pull-up/pull-down
  51              		.loc 1 16 5 is_stmt 1 view .LVU7
  52 0028 D3F80C24 		ldr	r2, [r3, #1036]
  53              		.loc 1 16 42 is_stmt 0 view .LVU8
  54 002c 22F44042 		bic	r2, r2, #49152
  55 0030 C3F80C24 		str	r2, [r3, #1036]
  17:Core/Src/init.c ****     
  18:Core/Src/init.c ****     // Выключение светодиода
  19:Core/Src/init.c ****     *(uint32_t *)(0x40020400UL + 0x18UL) |= 0x00800000UL; // BSRR: reset PB7
  56              		.loc 1 19 5 is_stmt 1 view .LVU9
  57 0034 D3F81824 		ldr	r2, [r3, #1048]
  58              		.loc 1 19 42 is_stmt 0 view .LVU10
  59 0038 42F40002 		orr	r2, r2, #8388608
  60 003c C3F81824 		str	r2, [r3, #1048]
  20:Core/Src/init.c **** }
  61              		.loc 1 20 1 view .LVU11
  62 0040 7047     		bx	lr
  63              	.L3:
  64 0042 00BF     		.align	2
  65              	.L2:
  66 0044 00300240 		.word	1073885184
  67 0048 00000240 		.word	1073872896
  68              		.cfi_endproc
  69              	.LFE130:
  71              		.section	.text.GPIO_Init_Wish_Myself_Macros,"ax",%progbits
  72              		.align	1
  73              		.global	GPIO_Init_Wish_Myself_Macros
  74              		.syntax unified
  75              		.thumb
  76              		.thumb_func
  78              	GPIO_Init_Wish_Myself_Macros:
  79              	.LFB131:
  21:Core/Src/init.c **** 
  22:Core/Src/init.c **** // --- PA3 (макросы) ---
  23:Core/Src/init.c **** void GPIO_Init_Wish_Myself_Macros(void)
  24:Core/Src/init.c **** {
  80              		.loc 1 24 1 is_stmt 1 view -0
  81              		.cfi_startproc
  82              		@ args = 0, pretend = 0, frame = 0
  83              		@ frame_needed = 0, uses_anonymous_args = 0
  84              		@ link register save eliminated.
  25:Core/Src/init.c ****     BIT_SET(RCC_AHB1ENR, RCC_GPIOA_EN);
  85              		.loc 1 25 5 view .LVU13
  86 0000 0C4A     		ldr	r2, .L5
  87 0002 D2F83038 		ldr	r3, [r2, #2096]
  88 0006 43F00103 		orr	r3, r3, #1
  89 000a C2F83038 		str	r3, [r2, #2096]
  26:Core/Src/init.c **** 
  27:Core/Src/init.c ****     BIT_SET(GPIOA_MODER, GPIO_OUTPUT_MODE_PIN_3);
  90              		.loc 1 27 5 view .LVU14
ARM GAS  C:\TEMP\ccvQbPaa.s 			page 3


  91 000e 0A4B     		ldr	r3, .L5+4
  92 0010 1A68     		ldr	r2, [r3]
  93 0012 42F04002 		orr	r2, r2, #64
  94 0016 1A60     		str	r2, [r3]
  28:Core/Src/init.c ****     BIT_SET(GPIOA_OSPEEDR, GPIO_SPEED_MED_PIN_3);
  95              		.loc 1 28 5 view .LVU15
  96 0018 9A68     		ldr	r2, [r3, #8]
  97 001a 42F04002 		orr	r2, r2, #64
  98 001e 9A60     		str	r2, [r3, #8]
  29:Core/Src/init.c ****     BIT_CLEAR(GPIOA_PUPDR, 0x000000C0UL); // очищаем биты подтяжки для PA3
  99              		.loc 1 29 5 view .LVU16
 100 0020 DA68     		ldr	r2, [r3, #12]
 101 0022 22F0C002 		bic	r2, r2, #192
 102 0026 DA60     		str	r2, [r3, #12]
  30:Core/Src/init.c **** 
  31:Core/Src/init.c ****     BIT_SET(GPIOA_BSRR, GPIO_PIN_RESET_3); // выключен
 103              		.loc 1 31 5 view .LVU17
 104 0028 9A69     		ldr	r2, [r3, #24]
 105 002a 42F40022 		orr	r2, r2, #524288
 106 002e 9A61     		str	r2, [r3, #24]
  32:Core/Src/init.c **** }
 107              		.loc 1 32 1 is_stmt 0 view .LVU18
 108 0030 7047     		bx	lr
 109              	.L6:
 110 0032 00BF     		.align	2
 111              	.L5:
 112 0034 00300240 		.word	1073885184
 113 0038 00000240 		.word	1073872896
 114              		.cfi_endproc
 115              	.LFE131:
 117              		.section	.text.GPIO_Init_CMSIS,"ax",%progbits
 118              		.align	1
 119              		.global	GPIO_Init_CMSIS
 120              		.syntax unified
 121              		.thumb
 122              		.thumb_func
 124              	GPIO_Init_CMSIS:
 125              	.LFB132:
  33:Core/Src/init.c **** 
  34:Core/Src/init.c **** // --- PC0, PC3 (светодиоды, CMSIS) + кнопка PC6 ---
  35:Core/Src/init.c **** void GPIO_Init_CMSIS(void)
  36:Core/Src/init.c **** {
 126              		.loc 1 36 1 is_stmt 1 view -0
 127              		.cfi_startproc
 128              		@ args = 0, pretend = 0, frame = 0
 129              		@ frame_needed = 0, uses_anonymous_args = 0
 130              		@ link register save eliminated.
  37:Core/Src/init.c ****     // Включаем тактирование портов A, B, C
  38:Core/Src/init.c ****     SET_BIT(RCC->AHB1ENR, RCC_AHB1ENR_GPIOAEN | RCC_AHB1ENR_GPIOBEN | RCC_AHB1ENR_GPIOCEN);
 131              		.loc 1 38 5 view .LVU20
 132 0000 0F4A     		ldr	r2, .L8
 133 0002 136B     		ldr	r3, [r2, #48]
 134 0004 43F00703 		orr	r3, r3, #7
 135 0008 1363     		str	r3, [r2, #48]
  39:Core/Src/init.c **** 
  40:Core/Src/init.c ****     // PC0 — выход
  41:Core/Src/init.c ****     SET_BIT(GPIOC->MODER, GPIO_MODER_MODE0_0);
ARM GAS  C:\TEMP\ccvQbPaa.s 			page 4


 136              		.loc 1 41 5 view .LVU21
 137 000a 0E4B     		ldr	r3, .L8+4
 138 000c 1A68     		ldr	r2, [r3]
 139 000e 42F00102 		orr	r2, r2, #1
 140 0012 1A60     		str	r2, [r3]
  42:Core/Src/init.c ****     CLEAR_BIT(GPIOC->PUPDR, GPIO_PUPDR_PUPD0);
 141              		.loc 1 42 5 view .LVU22
 142 0014 DA68     		ldr	r2, [r3, #12]
 143 0016 22F00302 		bic	r2, r2, #3
 144 001a DA60     		str	r2, [r3, #12]
  43:Core/Src/init.c **** 
  44:Core/Src/init.c ****     // PC3 — выход  
  45:Core/Src/init.c ****     SET_BIT(GPIOC->MODER, GPIO_MODER_MODE3_0);
 145              		.loc 1 45 5 view .LVU23
 146 001c 1A68     		ldr	r2, [r3]
 147 001e 42F04002 		orr	r2, r2, #64
 148 0022 1A60     		str	r2, [r3]
  46:Core/Src/init.c ****     CLEAR_BIT(GPIOC->PUPDR, GPIO_PUPDR_PUPD3);
 149              		.loc 1 46 5 view .LVU24
 150 0024 DA68     		ldr	r2, [r3, #12]
 151 0026 22F0C002 		bic	r2, r2, #192
 152 002a DA60     		str	r2, [r3, #12]
  47:Core/Src/init.c **** 
  48:Core/Src/init.c ****     // PC6 — кнопка (вход, pull-down)
  49:Core/Src/init.c ****     CLEAR_BIT(GPIOC->MODER, GPIO_MODER_MODE6); // вход
 153              		.loc 1 49 5 view .LVU25
 154 002c 1A68     		ldr	r2, [r3]
 155 002e 22F44052 		bic	r2, r2, #12288
 156 0032 1A60     		str	r2, [r3]
  50:Core/Src/init.c ****     SET_BIT(GPIOC->PUPDR, GPIO_PUPDR_PUPD6_1); // pull-down
 157              		.loc 1 50 5 view .LVU26
 158 0034 DA68     		ldr	r2, [r3, #12]
 159 0036 42F40052 		orr	r2, r2, #8192
 160 003a DA60     		str	r2, [r3, #12]
  51:Core/Src/init.c **** }
 161              		.loc 1 51 1 is_stmt 0 view .LVU27
 162 003c 7047     		bx	lr
 163              	.L9:
 164 003e 00BF     		.align	2
 165              	.L8:
 166 0040 00380240 		.word	1073887232
 167 0044 00080240 		.word	1073874944
 168              		.cfi_endproc
 169              	.LFE132:
 171              		.text
 172              	.Letext0:
 173              		.file 2 "D:/Tools/xpack-arm-none-eabi-gcc-13.2.1-1.1/arm-none-eabi/include/machine/_default_types.
 174              		.file 3 "D:/Tools/xpack-arm-none-eabi-gcc-13.2.1-1.1/arm-none-eabi/include/sys/_stdint.h"
 175              		.file 4 "CMSIS/Devices/STM32F4xx/Inc/STM32F429xx/stm32f429xx.h"
ARM GAS  C:\TEMP\ccvQbPaa.s 			page 5


DEFINED SYMBOLS
                            *ABS*:00000000 init.c
  C:\TEMP\ccvQbPaa.s:21     .text.GPIO_Init_Memory:00000000 $t
  C:\TEMP\ccvQbPaa.s:27     .text.GPIO_Init_Memory:00000000 GPIO_Init_Memory
  C:\TEMP\ccvQbPaa.s:66     .text.GPIO_Init_Memory:00000044 $d
  C:\TEMP\ccvQbPaa.s:72     .text.GPIO_Init_Wish_Myself_Macros:00000000 $t
  C:\TEMP\ccvQbPaa.s:78     .text.GPIO_Init_Wish_Myself_Macros:00000000 GPIO_Init_Wish_Myself_Macros
  C:\TEMP\ccvQbPaa.s:112    .text.GPIO_Init_Wish_Myself_Macros:00000034 $d
  C:\TEMP\ccvQbPaa.s:118    .text.GPIO_Init_CMSIS:00000000 $t
  C:\TEMP\ccvQbPaa.s:124    .text.GPIO_Init_CMSIS:00000000 GPIO_Init_CMSIS
  C:\TEMP\ccvQbPaa.s:166    .text.GPIO_Init_CMSIS:00000040 $d

NO UNDEFINED SYMBOLS
